backend-1  | Traceback (most recent call last):
backend-1  |   File "/usr/local/bin/uvicorn", line 8, in <module>
backend-1  |     sys.exit(main())
backend-1  |              ^^^^^^
backend-1  |   File "/usr/local/lib/python3.12/site-packages/click/core.py", line 1631, in __call__
backend-1  |     return self.main(*args, **kwargs)
backend-1  |            ^^^^^^^^^^^^^^^^^^^^^^^^^^
backend-1  |   File "/usr/local/lib/python3.12/site-packages/click/core.py", line 1552, in main
backend-1  |     rv = self.invoke(ctx)
backend-1  |          ^^^^^^^^^^^^^^^^
backend-1  |   File "/usr/local/lib/python3.12/site-packages/click/core.py", line 1415, in invoke
backend-1  |     return ctx.invoke(self.callback, **ctx.params)
backend-1  |            ^^^^^^^^^^^^^^^^^^^^^^^^^^^^^^^^^^^^^^^
backend-1  |   File "/usr/local/lib/python3.12/site-packages/click/core.py", line 910, in invoke
backend-1  |     return callback(*args, **kwargs)
backend-1  |            ^^^^^^^^^^^^^^^^^^^^^^^^^
backend-1  |   File "/usr/local/lib/python3.12/site-packages/uvicorn/main.py", line 412, in main
backend-1  |     run(
backend-1  |   File "/usr/local/lib/python3.12/site-packages/uvicorn/main.py", line 579, in run
backend-1  |     server.run()
backend-1  |   File "/usr/local/lib/python3.12/site-packages/uvicorn/server.py", line 66, in run
backend-1  |     return asyncio.run(self.serve(sockets=sockets))
backend-1  |            ^^^^^^^^^^^^^^^^^^^^^^^^^^^^^^^^^^^^^^^^
backend-1  |   File "/usr/local/lib/python3.12/asyncio/runners.py", line 195, in run
backend-1  |     return runner.run(main)
backend-1  |            ^^^^^^^^^^^^^^^^
backend-1  |   File "/usr/local/lib/python3.12/asyncio/runners.py", line 118, in run
backend-1  |     return self._loop.run_until_complete(task)
backend-1  |            ^^^^^^^^^^^^^^^^^^^^^^^^^^^^^^^^^^^
backend-1  |   File "uvloop/loop.pyx", line 1515, in uvloop.loop.Loop.run_until_complete
backend-1  |   File "/usr/local/lib/python3.12/site-packages/uvicorn/server.py", line 70, in serve
backend-1  |     await self._serve(sockets)
backend-1  |   File "/usr/local/lib/python3.12/site-packages/uvicorn/server.py", line 77, in _serve
backend-1  |     config.load()
backend-1  |   File "/usr/local/lib/python3.12/site-packages/uvicorn/config.py", line 435, in load
backend-1  |     self.loaded_app = import_from_string(self.app)
backend-1  |                       ^^^^^^^^^^^^^^^^^^^^^^^^^^^^
backend-1  |   File "/usr/local/lib/python3.12/site-packages/uvicorn/importer.py", line 19, in import_from_string
backend-1  |     module = importlib.import_module(module_str)
backend-1  |              ^^^^^^^^^^^^^^^^^^^^^^^^^^^^^^^^^^^
backend-1  |   File "/usr/local/lib/python3.12/importlib/__init__.py", line 90, in import_module
backend-1  |     return _bootstrap._gcd_import(name[level:], package, level)
backend-1  |            ^^^^^^^^^^^^^^^^^^^^^^^^^^^^^^^^^^^^^^^^^^^^^^^^^^^^
backend-1  |   File "<frozen importlib._bootstrap>", line 1387, in _gcd_import
backend-1  |   File "<frozen importlib._bootstrap>", line 1360, in _find_and_load
backend-1  |   File "<frozen importlib._bootstrap>", line 1331, in _find_and_load_unlocked
backend-1  |   File "<frozen importlib._bootstrap>", line 935, in _load_unlocked
backend-1  |   File "<frozen importlib._bootstrap_external>", line 999, in exec_module
backend-1  |   File "<frozen importlib._bootstrap>", line 488, in _call_with_frames_removed
backend-1  |   File "/app/app/main.py", line 29, in <module>
backend-1  |     from app.api.v1.router import api_router
backend-1  |   File "/app/app/api/v1/router.py", line 3, in <module>
backend-1  |     from app.api.v1.endpoints import alerts, auth, brands, dashboard, health, search, sources, trends, websocket, news, countries, analytics, global_overview, system
backend-1  |   File "/app/app/api/v1/endpoints/sources.py", line 14, in <module>
backend-1  |     from app.collectors.registry import collector_statuses
backend-1  |   File "/app/app/collectors/registry.py", line 8, in <module>
backend-1  |     from app.collectors.news import NewsCollector
backend-1  |   File "/app/app/collectors/news.py", line 37, in <module>
backend-1  |     class NewsCollector(BaseCollector):
backend-1  |   File "/app/app/collectors/news.py", line 39, in NewsCollector
backend-1  |     status = CollectorStatus.CONNECTED  # RSS needs no credentials; "connected" means "reachable in principle"
backend-1  |              ^^^^^^^^^^^^^^^^^^^^^^^^^
backend-1  | AttributeError: type object 'CollectorStatus' has no attribute 'CONNECTED'
