--progress is a global compose flag, better use `docker compose --progress xx build ...
 Image pulseboard-celery-worker Building 
 Image pulseboard-celery-beat Building 
 Image pulseboard-frontend Building 
 Image pulseboard-migrate Building 
 Image pulseboard-backend Building 
#1 [internal] load local bake definitions
#1 reading from stdin 2.89kB 0.0s done
#1 DONE 0.0s

#2 [frontend internal] load build definition from Dockerfile.frontend
#2 DONE 0.0s

#3 [backend internal] load build definition from Dockerfile.backend
#3 transferring dockerfile: 2.60kB 0.2s done
#3 ...

#2 [frontend internal] load build definition from Dockerfile.frontend
#2 transferring dockerfile: 1.92kB 0.2s done
#2 DONE 0.3s

#3 [celery-beat internal] load build definition from Dockerfile.backend
#3 transferring dockerfile: 2.60kB 0.2s done
#3 DONE 0.3s

#4 [migrate internal] load metadata for docker.io/library/python:3.12-slim
#4 ...

#5 [frontend internal] load metadata for docker.io/library/node:20-slim
#5 DONE 3.4s

#6 [frontend internal] load metadata for docker.io/library/nginx:1.27-alpine
#6 DONE 3.4s

#7 [frontend internal] load .dockerignore
#7 transferring context: 124B 0.0s done
#7 DONE 0.1s

#4 [migrate internal] load metadata for docker.io/library/python:3.12-slim
#4 ...

#8 [frontend builder 1/6] FROM docker.io/library/node:20-slim@sha256:2cf067cfed83d5ea958367df9f966191a942351a2df77d6f0193e162b5febfc0
#8 resolve docker.io/library/node:20-slim@sha256:2cf067cfed83d5ea958367df9f966191a942351a2df77d6f0193e162b5febfc0 0.1s done
#8 DONE 0.1s

#9 [frontend runtime 1/3] FROM docker.io/library/nginx:1.27-alpine@sha256:65645c7bb6a0661892a8b03b89d0743208a18dd2f3f17a54ef4b76fb8e2f2a10
#9 resolve docker.io/library/nginx:1.27-alpine@sha256:65645c7bb6a0661892a8b03b89d0743208a18dd2f3f17a54ef4b76fb8e2f2a10 0.1s done
#9 DONE 0.1s

#4 [backend internal] load metadata for docker.io/library/python:3.12-slim
#4 DONE 4.0s

#7 [migrate internal] load .dockerignore
#7 transferring context: 124B 0.0s done
#7 DONE 0.1s

#10 [frontend internal] load build context
#10 ...

#11 [migrate builder 1/5] FROM docker.io/library/python:3.12-slim@sha256:02108f5d322dd89f1c9e552442c25acb0543dfdbc455693a5599624f20d9155d
#11 resolve docker.io/library/python:3.12-slim@sha256:02108f5d322dd89f1c9e552442c25acb0543dfdbc455693a5599624f20d9155d 0.1s done
#11 DONE 0.1s

#11 [celery-beat builder 1/5] FROM docker.io/library/python:3.12-slim@sha256:02108f5d322dd89f1c9e552442c25acb0543dfdbc455693a5599624f20d9155d
#11 resolve docker.io/library/python:3.12-slim@sha256:02108f5d322dd89f1c9e552442c25acb0543dfdbc455693a5599624f20d9155d 0.1s done
#11 DONE 0.1s

#12 [migrate internal] load build context
#12 ...

#11 [backend builder 1/5] FROM docker.io/library/python:3.12-slim@sha256:02108f5d322dd89f1c9e552442c25acb0543dfdbc455693a5599624f20d9155d
#11 resolve docker.io/library/python:3.12-slim@sha256:02108f5d322dd89f1c9e552442c25acb0543dfdbc455693a5599624f20d9155d 0.1s done
#11 DONE 0.1s

#12 [backend internal] load build context
#12 ...

#11 [celery-worker builder 1/5] FROM docker.io/library/python:3.12-slim@sha256:02108f5d322dd89f1c9e552442c25acb0543dfdbc455693a5599624f20d9155d
#11 resolve docker.io/library/python:3.12-slim@sha256:02108f5d322dd89f1c9e552442c25acb0543dfdbc455693a5599624f20d9155d 0.1s done
#11 DONE 0.1s

#12 [celery-worker internal] load build context
#12 ...

#10 [frontend internal] load build context
#10 transferring context: 554.56kB 4.8s done
#10 DONE 4.9s

#12 [celery-worker internal] load build context
#12 ...

#13 [frontend builder 2/6] WORKDIR /build
#13 CACHED

#14 [frontend builder 3/6] COPY frontend/package.json frontend/package-lock.json* ./
#14 CACHED

#15 [frontend builder 4/6] RUN npm ci
#15 CACHED

#12 [celery-worker internal] load build context
#12 ...

#16 [frontend builder 5/6] COPY frontend/ .
#16 DONE 0.4s

#12 [celery-worker internal] load build context
#12 transferring context: 2.65MB 8.6s
#12 transferring context: 4.29MB 10.9s done
#12 DONE 11.0s

#17 [frontend builder 6/6] RUN npm run build
#17 2.633 
#17 2.633 > frontend@0.0.0 build
#17 2.633 > tsc -b && vite build
#17 2.633 
#17 ...

#12 [backend internal] load build context
#12 DONE 11.0s

#18 [celery-worker builder 4/5] COPY backend/requirements.txt .
#18 CACHED

#19 [celery-worker runtime 3/5] COPY --from=builder /install /usr/local
#19 CACHED

#20 [celery-worker runtime 2/5] RUN apt-get update     && apt-get install -y --no-install-recommends libpq5 curl     && rm -rf /var/lib/apt/lists/*     && useradd --create-home --shell /usr/sbin/nologin pulseboard
#20 CACHED

#21 [celery-worker builder 2/5] RUN apt-get update     && apt-get install -y --no-install-recommends gcc libpq-dev     && rm -rf /var/lib/apt/lists/*
#21 CACHED

#22 [celery-worker builder 5/5] RUN pip install --no-cache-dir --prefix=/install -r requirements.txt
#22 CACHED

#23 [celery-worker builder 3/5] WORKDIR /build
#23 CACHED

#24 [celery-worker runtime 4/5] WORKDIR /app
#24 CACHED

#25 [celery-worker runtime 5/5] COPY --chown=pulseboard:pulseboard backend/ .
#25 DONE 0.5s

#17 [frontend builder 6/6] RUN npm run build
#17 ...

#25 [celery-worker runtime 5/5] COPY --chown=pulseboard:pulseboard backend/ .
#25 DONE 0.5s

#26 [backend] exporting to image
#26 exporting layers
#26 exporting layers 0.4s done
#26 exporting manifest sha256:c822e4c5a69293c423869eb00ed2871bc29b07d4aef77b4df8b29be07fc8e565 0.1s done
#26 exporting config sha256:c0b9597d6fd2997682a1efe2e3614500c7e5c205a19865d17e1043faff6976b7
#26 exporting config sha256:c0b9597d6fd2997682a1efe2e3614500c7e5c205a19865d17e1043faff6976b7 0.1s done
#26 exporting attestation manifest sha256:b6e53d347a6aa1455470e5310dd2b139fc2e6250094745cb35d9878dde116017
#26 exporting attestation manifest sha256:b6e53d347a6aa1455470e5310dd2b139fc2e6250094745cb35d9878dde116017 0.2s done
#26 exporting manifest list sha256:0becafcc24a6344dd23f722441b4f5f96c7b8a38bd6a287fdffbba5cd775f052 0.1s done
#26 naming to docker.io/library/pulseboard-backend:latest 0.0s done
#26 unpacking to docker.io/library/pulseboard-backend:latest
#26 ...

#27 [celery-worker] exporting to image
#27 exporting layers 0.4s done
#27 exporting manifest sha256:80a323bd4afb22d4bb7ed7d14388945ab530c206b7fbd2f1c2310d33213f6fbb 0.1s done
#27 exporting config sha256:e932b9a52ab185c412df16740f0fa5daf4c63a0f1878cde4429e595ec3d94dd8 0.2s done
#27 exporting attestation manifest sha256:13b03ab3c225e020beaa807abdb98fb98a8e0ae8c0f2ea9bd323a926d83969fd 0.2s done
#27 exporting manifest list sha256:ff5606c57e6306b086c2c0d8498b56d3edaaf236d5085668fa26efb0127bfd6b 0.1s done
#27 naming to docker.io/library/pulseboard-celery-worker:latest 0.0s done
#27 unpacking to docker.io/library/pulseboard-celery-worker:latest 0.9s done
#27 DONE 2.4s

#26 [backend] exporting to image
#26 unpacking to docker.io/library/pulseboard-backend:latest 1.1s done
#26 DONE 2.5s

#28 [migrate] exporting to image
#28 exporting layers 0.4s done
#28 exporting manifest sha256:d0799bfb2140a94b3729eceb048af3422cfa759e1df5758645fd6c585eedce72 0.1s done
#28 exporting config sha256:12e549d9f6a644463ca37e1ae2f78a535618b933c6b7b77fcdcace420c85654a 0.2s done
#28 exporting attestation manifest sha256:6d0c94c00b0ce4ffb9cdc5e2986e6dd2c4b4dc43b6d54a303320ff44e3991512 0.2s done
#28 exporting manifest list sha256:e2715446d8da02c0f7c793453a19482a326bc6f72b5be4800c64cef5ae4adaf0 0.1s done
#28 naming to docker.io/library/pulseboard-migrate:latest 0.0s done
#28 unpacking to docker.io/library/pulseboard-migrate:latest 1.1s done
#28 DONE 2.4s

#29 [celery-beat] exporting to image
#29 exporting layers 0.4s done
#29 exporting manifest sha256:2fcb8f4e96fc883de316893c9e64d495d204c0992534ebeefb5b3861159f08ac 0.1s done
#29 exporting config sha256:74e09a8ea80be9b666edc617e8115cbfaae010cbad233b394609a09b030de1ac 0.2s done
#29 exporting attestation manifest sha256:8b50ad2c2b19dc183c614482b272da6aee098569fe59e75255fec91f69912976 0.2s done
#29 exporting manifest list sha256:3321a68c37e3f306aaeac2b426b6ae650944ca9fba65f522584f528b431782a1 0.1s done
#29 naming to docker.io/library/pulseboard-celery-beat:latest 0.0s done
#29 unpacking to docker.io/library/pulseboard-celery-beat:latest 1.1s done
#29 DONE 2.5s

#17 [frontend builder 6/6] RUN npm run build
#17 ...

#30 [celery-worker] resolving provenance for metadata file
#30 DONE 0.4s

#31 [celery-beat] resolving provenance for metadata file
#31 DONE 0.2s

#32 [backend] resolving provenance for metadata file
#32 DONE 0.4s

#33 [migrate] resolving provenance for metadata file
#33 DONE 0.5s

#17 [frontend builder 6/6] RUN npm run build
#17 17.45 vite v8.2.0 building client environment for production...
#17 17.51 [2Ktransforming...✓ 3096 modules transformed.
#17 21.11 rendering chunks...
#17 21.59 computing gzip size...
#17 21.63 dist/index.html                     0.70 kB │ gzip:   0.43 kB
#17 21.63 dist/assets/index-CZgL2wKQ.css     57.42 kB │ gzip:  10.18 kB
#17 21.63 dist/assets/index-pqsxUKAq.js   1,196.73 kB │ gzip: 353.86 kB
#17 21.63 
#17 21.64 ✓ built in 4.18s
#17 21.64 [plugin builtin:vite-reporter] 
#17 21.64 (!) Some chunks are larger than 500 kB after minification. Consider:
#17 21.64 - Using dynamic import() to code-split the application
#17 21.64 - Use build.rolldownOptions.output.codeSplitting to improve chunking: https://rolldown.rs/reference/OutputOptions.codeSplitting
#17 21.64 - Adjust chunk size limit for this warning via build.chunkSizeWarningLimit.
#17 DONE 22.1s

#9 [frontend runtime 1/3] FROM docker.io/library/nginx:1.27-alpine@sha256:65645c7bb6a0661892a8b03b89d0743208a18dd2f3f17a54ef4b76fb8e2f2a10
#9 CACHED

#34 [frontend runtime 2/3] COPY --from=builder /build/dist /usr/share/nginx/html
#34 DONE 0.2s

#35 [frontend runtime 3/3] COPY docker/nginx.conf /etc/nginx/conf.d/default.conf
#35 DONE 0.1s

#36 [frontend] exporting to image
#36 exporting layers
#36 exporting layers 0.4s done
#36 exporting manifest sha256:af5e1f3491bf382e749d14449a4d562255ee739b5f2997ecdaf3e35c6500075d 0.0s done
#36 exporting config sha256:7946d1541f3a37b98a489aa6972ab196841fad989ebae6287085d01bd76a1bc6 0.1s done
#36 exporting attestation manifest sha256:6bdec5768bb6777e3e0c8cd3cfce0df61fa3b3e16f37b4a0f4f04b396811be4c
#36 exporting attestation manifest sha256:6bdec5768bb6777e3e0c8cd3cfce0df61fa3b3e16f37b4a0f4f04b396811be4c 0.2s done
#36 exporting manifest list sha256:630d1625e69a4248877ba349a0b0f16036c971985b970d7be6135bd4c7b96718 0.0s done
#36 naming to docker.io/library/pulseboard-frontend:latest
#36 naming to docker.io/library/pulseboard-frontend:latest done
#36 unpacking to docker.io/library/pulseboard-frontend:latest
#36 unpacking to docker.io/library/pulseboard-frontend:latest 0.1s done
#36 DONE 1.0s

#37 [frontend] resolving provenance for metadata file
#37 DONE 0.1s
 Image pulseboard-celery-worker Built 
 Image pulseboard-frontend Built 
 Image pulseboard-migrate Built 
 Image pulseboard-backend Built 
 Image pulseboard-celery-beat Built 
